Archive member included because of file (symbol)

c:/winavr-20100110/bin/../lib/gcc/avr/4.3.3/avr5\libgcc.a(_exit.o)
                              c:/winavr-20100110/bin/../lib/gcc/avr/4.3.3/../../../../avr/lib/avr5/crtm32.o (exit)
c:/winavr-20100110/bin/../lib/gcc/avr/4.3.3/avr5\libgcc.a(_copy_data.o)
                              ./GPS_Cnfg.o (__do_copy_data)
c:/winavr-20100110/bin/../lib/gcc/avr/4.3.3/avr5\libgcc.a(_clear_bss.o)
                              ./GPS_Prog.o (__do_clear_bss)

Allocating common symbols
Common symbol       size              file

var1                0x4               ./main.o
lon                 0x1               ./main.o
var2                0x4               ./main.o
lat                 0x1               ./main.o

Memory Configuration

Name             Origin             Length             Attributes
text             0x00000000         0x00020000         xr
data             0x00800060         0x0000ffa0         rw !x
eeprom           0x00810000         0x00010000         rw !x
fuse             0x00820000         0x00000400         rw !x
lock             0x00830000         0x00000400         rw !x
signature        0x00840000         0x00000400         rw !x
*default*        0x00000000         0xffffffff

Linker script and memory map

LOAD c:/winavr-20100110/bin/../lib/gcc/avr/4.3.3/../../../../avr/lib/avr5/crtm32.o
LOAD ./MCAL/USART/UART_Prog.o
LOAD ./MCAL/DIO/DIO_prog.o
LOAD ./GPS_Cnfg.o
LOAD ./GPS_Priv.o
LOAD ./GPS_Prog.o
LOAD ./main.o
LOAD c:/winavr-20100110/bin/../lib/gcc/avr/4.3.3/avr5\libgcc.a
LOAD c:/winavr-20100110/bin/../lib/gcc/avr/4.3.3/../../../../avr/lib/avr5\libc.a
LOAD c:/winavr-20100110/bin/../lib/gcc/avr/4.3.3/avr5\libgcc.a

.hash
 *(.hash)

.dynsym
 *(.dynsym)

.dynstr
 *(.dynstr)

.gnu.version
 *(.gnu.version)

.gnu.version_d
 *(.gnu.version_d)

.gnu.version_r
 *(.gnu.version_r)

.rel.init
 *(.rel.init)

.rela.init
 *(.rela.init)

.rel.text
 *(.rel.text)
 *(.rel.text.*)
 *(.rel.gnu.linkonce.t*)

.rela.text
 *(.rela.text)
 *(.rela.text.*)
 *(.rela.gnu.linkonce.t*)

.rel.fini
 *(.rel.fini)

.rela.fini
 *(.rela.fini)

.rel.rodata
 *(.rel.rodata)
 *(.rel.rodata.*)
 *(.rel.gnu.linkonce.r*)

.rela.rodata
 *(.rela.rodata)
 *(.rela.rodata.*)
 *(.rela.gnu.linkonce.r*)

.rel.data
 *(.rel.data)
 *(.rel.data.*)
 *(.rel.gnu.linkonce.d*)

.rela.data
 *(.rela.data)
 *(.rela.data.*)
 *(.rela.gnu.linkonce.d*)

.rel.ctors
 *(.rel.ctors)

.rela.ctors
 *(.rela.ctors)

.rel.dtors
 *(.rel.dtors)

.rela.dtors
 *(.rela.dtors)

.rel.got
 *(.rel.got)

.rela.got
 *(.rela.got)

.rel.bss
 *(.rel.bss)

.rela.bss
 *(.rela.bss)

.rel.plt
 *(.rel.plt)

.rela.plt
 *(.rela.plt)

.text           0x00000000      0xdd2
 *(.vectors)
 .vectors       0x00000000       0x54 c:/winavr-20100110/bin/../lib/gcc/avr/4.3.3/../../../../avr/lib/avr5/crtm32.o
                0x00000000                __vectors
                0x00000000                __vector_default
 *(.vectors)
 *(.progmem.gcc*)
 *(.progmem*)
                0x00000054                . = ALIGN (0x2)
                0x00000054                __trampolines_start = .
 *(.trampolines)
 .trampolines   0x00000054        0x0 linker stubs
 *(.trampolines*)
                0x00000054                __trampolines_end = .
 *(.jumptables)
 *(.jumptables*)
 *(.lowtext)
 *(.lowtext*)
                0x00000054                __ctors_start = .
 *(.ctors)
                0x00000054                __ctors_end = .
                0x00000054                __dtors_start = .
 *(.dtors)
                0x00000054                __dtors_end = .
 SORT(*)(.ctors)
 SORT(*)(.dtors)
 *(.init0)
 .init0         0x00000054        0x0 c:/winavr-20100110/bin/../lib/gcc/avr/4.3.3/../../../../avr/lib/avr5/crtm32.o
                0x00000054                __init
 *(.init0)
 *(.init1)
 *(.init1)
 *(.init2)
 .init2         0x00000054        0xc c:/winavr-20100110/bin/../lib/gcc/avr/4.3.3/../../../../avr/lib/avr5/crtm32.o
 *(.init2)
 *(.init3)
 *(.init3)
 *(.init4)
 .init4         0x00000060       0x16 c:/winavr-20100110/bin/../lib/gcc/avr/4.3.3/avr5\libgcc.a(_copy_data.o)
                0x00000060                __do_copy_data
 .init4         0x00000076       0x10 c:/winavr-20100110/bin/../lib/gcc/avr/4.3.3/avr5\libgcc.a(_clear_bss.o)
                0x00000076                __do_clear_bss
 *(.init4)
 *(.init5)
 *(.init5)
 *(.init6)
 *(.init6)
 *(.init7)
 *(.init7)
 *(.init8)
 *(.init8)
 *(.init9)
 .init9         0x00000086        0x8 c:/winavr-20100110/bin/../lib/gcc/avr/4.3.3/../../../../avr/lib/avr5/crtm32.o
 *(.init9)
 *(.text)
 .text          0x0000008e        0x4 c:/winavr-20100110/bin/../lib/gcc/avr/4.3.3/../../../../avr/lib/avr5/crtm32.o
                0x0000008e                __vector_1
                0x0000008e                __vector_12
                0x0000008e                __bad_interrupt
                0x0000008e                __vector_6
                0x0000008e                __vector_3
                0x0000008e                __vector_11
                0x0000008e                __vector_13
                0x0000008e                __vector_17
                0x0000008e                __vector_19
                0x0000008e                __vector_7
                0x0000008e                __vector_5
                0x0000008e                __vector_4
                0x0000008e                __vector_9
                0x0000008e                __vector_2
                0x0000008e                __vector_15
                0x0000008e                __vector_8
                0x0000008e                __vector_14
                0x0000008e                __vector_10
                0x0000008e                __vector_16
                0x0000008e                __vector_18
                0x0000008e                __vector_20
 .text          0x00000092        0x0 ./MCAL/USART/UART_Prog.o
 .text          0x00000092        0x0 ./MCAL/DIO/DIO_prog.o
 .text          0x00000092        0x0 ./GPS_Cnfg.o
 .text          0x00000092        0x0 ./GPS_Priv.o
 .text          0x00000092        0x0 ./GPS_Prog.o
 .text          0x00000092        0x0 ./main.o
 .text          0x00000092        0x0 c:/winavr-20100110/bin/../lib/gcc/avr/4.3.3/avr5\libgcc.a(_exit.o)
 .text          0x00000092        0x0 c:/winavr-20100110/bin/../lib/gcc/avr/4.3.3/avr5\libgcc.a(_copy_data.o)
 .text          0x00000092        0x0 c:/winavr-20100110/bin/../lib/gcc/avr/4.3.3/avr5\libgcc.a(_clear_bss.o)
                0x00000092                . = ALIGN (0x2)
 *(.text.*)
 .text.UART_enuInit
                0x00000092       0x5c ./MCAL/USART/UART_Prog.o
                0x00000092                UART_enuInit
 .text.UART_enuSendByte
                0x000000ee       0x66 ./MCAL/USART/UART_Prog.o
                0x000000ee                UART_enuSendByte
 .text.UART_enuRecieveByte
                0x00000154       0x48 ./MCAL/USART/UART_Prog.o
                0x00000154                UART_enuRecieveByte
 .text.UART_enuSendString
                0x0000019c       0x6c ./MCAL/USART/UART_Prog.o
                0x0000019c                UART_enuSendString
 .text.UART_enuReceiveString
                0x00000208       0x98 ./MCAL/USART/UART_Prog.o
                0x00000208                UART_enuReceiveString
 .text.DIO_enuSetPortDirection
                0x000002a0       0x9a ./MCAL/DIO/DIO_prog.o
                0x000002a0                DIO_enuSetPortDirection
 .text.DIO_enuSetPortValue
                0x0000033a       0x9a ./MCAL/DIO/DIO_prog.o
                0x0000033a                DIO_enuSetPortValue
 .text.DIO_enuToggelPort
                0x000003d4       0xae ./MCAL/DIO/DIO_prog.o
                0x000003d4                DIO_enuToggelPort
 .text.DIO_enuGetPortVlaue
                0x00000482       0xbe ./MCAL/DIO/DIO_prog.o
                0x00000482                DIO_enuGetPortVlaue
 .text.DIO_enuSetPinDirection
                0x00000540      0x1ee ./MCAL/DIO/DIO_prog.o
                0x00000540                DIO_enuSetPinDirection
 .text.DIO_enuSetPinValue
                0x0000072e      0x1ee ./MCAL/DIO/DIO_prog.o
                0x0000072e                DIO_enuSetPinValue
 .text.DIO_enuToggelPin
                0x0000091c      0x11c ./MCAL/DIO/DIO_prog.o
                0x0000091c                DIO_enuToggelPin
 .text.DIO_enuGetPinVlaue
                0x00000a38      0x13c ./MCAL/DIO/DIO_prog.o
                0x00000a38                DIO_enuGetPinVlaue
 .text.GPS_enuInit
                0x00000b74       0x8e ./GPS_Prog.o
                0x00000b74                GPS_enuInit
 .text.GPS_enuGetLocation
                0x00000c02      0x14e ./GPS_Prog.o
                0x00000c02                GPS_enuGetLocation
 .text.main     0x00000d50       0x7e ./main.o
                0x00000d50                main
 .text.libgcc   0x00000dce        0x0 c:/winavr-20100110/bin/../lib/gcc/avr/4.3.3/avr5\libgcc.a(_exit.o)
 .text.libgcc   0x00000dce        0x0 c:/winavr-20100110/bin/../lib/gcc/avr/4.3.3/avr5\libgcc.a(_copy_data.o)
 .text.libgcc   0x00000dce        0x0 c:/winavr-20100110/bin/../lib/gcc/avr/4.3.3/avr5\libgcc.a(_clear_bss.o)
                0x00000dce                . = ALIGN (0x2)
 *(.fini9)
 .fini9         0x00000dce        0x0 c:/winavr-20100110/bin/../lib/gcc/avr/4.3.3/avr5\libgcc.a(_exit.o)
                0x00000dce                exit
                0x00000dce                _exit
 *(.fini9)
 *(.fini8)
 *(.fini8)
 *(.fini7)
 *(.fini7)
 *(.fini6)
 *(.fini6)
 *(.fini5)
 *(.fini5)
 *(.fini4)
 *(.fini4)
 *(.fini3)
 *(.fini3)
 *(.fini2)
 *(.fini2)
 *(.fini1)
 *(.fini1)
 *(.fini0)
 .fini0         0x00000dce        0x4 c:/winavr-20100110/bin/../lib/gcc/avr/4.3.3/avr5\libgcc.a(_exit.o)
 *(.fini0)
                0x00000dd2                _etext = .

.data           0x00800060       0x4c load address 0x00000dd2
                0x00800060                PROVIDE (__data_start, .)
 *(.data)
 .data          0x00800060        0x0 c:/winavr-20100110/bin/../lib/gcc/avr/4.3.3/../../../../avr/lib/avr5/crtm32.o
 .data          0x00800060        0x0 ./MCAL/USART/UART_Prog.o
 .data          0x00800060        0x0 ./MCAL/DIO/DIO_prog.o
 .data          0x00800060        0x0 ./GPS_Cnfg.o
 .data          0x00800060        0x0 ./GPS_Priv.o
 .data          0x00800060        0x0 ./GPS_Prog.o
 .data          0x00800060        0x0 ./main.o
 .data          0x00800060        0x0 c:/winavr-20100110/bin/../lib/gcc/avr/4.3.3/avr5\libgcc.a(_exit.o)
 .data          0x00800060        0x0 c:/winavr-20100110/bin/../lib/gcc/avr/4.3.3/avr5\libgcc.a(_copy_data.o)
 .data          0x00800060        0x0 c:/winavr-20100110/bin/../lib/gcc/avr/4.3.3/avr5\libgcc.a(_clear_bss.o)
 *(.data*)
 .data.GPS      0x00800060        0x5 ./GPS_Cnfg.o
                0x00800060                GPS
 .data.GPS_u8Buffer
                0x00800065       0x46 ./GPS_Prog.o
 *(.rodata)
 *(.rodata*)
 *(.gnu.linkonce.d*)
                0x008000ac                . = ALIGN (0x2)
 *fill*         0x008000ab        0x1 00
                0x008000ac                _edata = .
                0x008000ac                PROVIDE (__data_end, .)

.bss            0x008000ac        0xb
                0x008000ac                PROVIDE (__bss_start, .)
 *(.bss)
 .bss           0x008000ac        0x0 c:/winavr-20100110/bin/../lib/gcc/avr/4.3.3/../../../../avr/lib/avr5/crtm32.o
 .bss           0x008000ac        0x0 ./MCAL/USART/UART_Prog.o
 .bss           0x008000ac        0x0 ./MCAL/DIO/DIO_prog.o
 .bss           0x008000ac        0x0 ./GPS_Cnfg.o
 .bss           0x008000ac        0x0 ./GPS_Priv.o
 .bss           0x008000ac        0x0 ./GPS_Prog.o
 .bss           0x008000ac        0x0 ./main.o
 .bss           0x008000ac        0x0 c:/winavr-20100110/bin/../lib/gcc/avr/4.3.3/avr5\libgcc.a(_exit.o)
 .bss           0x008000ac        0x0 c:/winavr-20100110/bin/../lib/gcc/avr/4.3.3/avr5\libgcc.a(_copy_data.o)
 .bss           0x008000ac        0x0 c:/winavr-20100110/bin/../lib/gcc/avr/4.3.3/avr5\libgcc.a(_clear_bss.o)
 *(.bss*)
 .bss.GPS_Flags
                0x008000ac        0x1 ./GPS_Prog.o
 *(COMMON)
 COMMON         0x008000ad        0xa ./main.o
                0x008000ad                var1
                0x008000b1                lon
                0x008000b2                var2
                0x008000b6                lat
                0x008000b7                PROVIDE (__bss_end, .)
                0x00000dd2                __data_load_start = LOADADDR (.data)
                0x00000e1e                __data_load_end = (__data_load_start + SIZEOF (.data))

.noinit         0x008000b7        0x0
                0x008000b7                PROVIDE (__noinit_start, .)
 *(.noinit*)
                0x008000b7                PROVIDE (__noinit_end, .)
                0x008000b7                _end = .
                0x008000b7                PROVIDE (__heap_start, .)

.eeprom         0x00810000        0x0
 *(.eeprom*)
                0x00810000                __eeprom_end = .

.fuse
 *(.fuse)
 *(.lfuse)
 *(.hfuse)
 *(.efuse)

.lock
 *(.lock*)

.signature
 *(.signature*)

.stab           0x00000000     0x180c
 *(.stab)
 .stab          0x00000000      0x57c ./MCAL/USART/UART_Prog.o
 .stab          0x0000057c      0x96c ./MCAL/DIO/DIO_prog.o
                                0x978 (size before relaxing)
 .stab          0x00000ee8      0x210 ./GPS_Cnfg.o
                                0x21c (size before relaxing)
 .stab          0x000010f8      0x108 ./GPS_Priv.o
                                0x210 (size before relaxing)
 .stab          0x00001200      0x408 ./GPS_Prog.o
                                0x510 (size before relaxing)
 .stab          0x00001608      0x204 ./main.o
                                0x2f4 (size before relaxing)

.stabstr        0x00000000      0x9f9
 *(.stabstr)
 .stabstr       0x00000000      0x9f9 ./MCAL/USART/UART_Prog.o

.stab.excl
 *(.stab.excl)

.stab.exclstr
 *(.stab.exclstr)

.stab.index
 *(.stab.index)

.stab.indexstr
 *(.stab.indexstr)

.comment
 *(.comment)

.debug
 *(.debug)

.line
 *(.line)

.debug_srcinfo
 *(.debug_srcinfo)

.debug_sfnames
 *(.debug_sfnames)

.debug_aranges
 *(.debug_aranges)

.debug_pubnames
 *(.debug_pubnames)

.debug_info
 *(.debug_info)
 *(.gnu.linkonce.wi.*)

.debug_abbrev
 *(.debug_abbrev)

.debug_line
 *(.debug_line)

.debug_frame
 *(.debug_frame)

.debug_str
 *(.debug_str)

.debug_loc
 *(.debug_loc)

.debug_macinfo
 *(.debug_macinfo)
OUTPUT(GPS.elf elf32-avr)
LOAD linker stubs
